swarm_1280_light.png {"innerWidth":1280,"scrollWidth":1280,"mainScrollHeight":1374,"three":false,"mapCanvas":null,"viewerText":null,"overflowing":[],"errs":[]}
  console: [44966:10639291:0920/092911.738198:INFO:CONSOLE:0] "The resource https://cdnjs.cloudflare.com/ajax/libs/three.js/r128/three.min.js was preloaded using link preload but not used within a few seconds from the window's load event. Please make sure it has an appropriate `as` value and it is preloaded in
logs_1280_light.png {"innerWidth":1280,"scrollWidth":1280,"mainScrollHeight":812,"three":false,"mapCanvas":null,"viewerText":null,"overflowing":[],"errs":[]}
  console: [44969:10639293:0920/092911.237956:INFO:CONSOLE:0] "The resource https://cdnjs.cloudflare.com/ajax/libs/three.js/r128/three.min.js was preloaded using link preload but not used within a few seconds from the window's load event. Please make sure it has an appropriate `as` value and it is preloaded in
home_1280_light.png {"innerWidth":1280,"scrollWidth":1280,"mainScrollHeight":1306,"three":false,"mapCanvas":null,"viewerText":null,"overflowing":[],"errs":[]}
  console: [44967:10639294:0920/092910.958383:INFO:CONSOLE:0] "The resource https://cdnjs.cloudflare.com/ajax/libs/three.js/r128/three.min.js was preloaded using link preload but not used within a few seconds from the window's load event. Please make sure it has an appropriate `as` value and it is preloaded in
perception_1280_light.png {"innerWidth":1280,"scrollWidth":1280,"mainScrollHeight":1487,"three":false,"mapCanvas":null,"viewerText":null,"overflowing":[],"errs":[]}
  console: [44968:10639292:0920/092912.922487:INFO:CONSOLE:0] "The resource https://cdnjs.cloudflare.com/ajax/libs/three.js/r128/three.min.js was preloaded using link preload but not used within a few seconds from the window's load event. Please make sure it has an appropriate `as` value and it is preloaded in
map_1280_light.png {"innerWidth":1280,"scrollWidth":1280,"mainScrollHeight":1414,"three":true,"mapCanvas":[1236,1336],"viewerText":null,"overflowing":[],"errs":[]}
  console: [44965:10639290:0920/092912.807600:INFO:CONSOLE:0] "[.WebGL-0x104000c9c00]GL Driver Message (OpenGL, Performance, GL_CLOSE_PATH_NV, High): GPU stall due to ReadPixels", source: file:///Users/rishabghosh/Projects/AirTight-ui/ui-review/after/app_snapshot.html#map (0)
  console: [44965:10639290:0920/092912.807655:INFO:CONSOLE:0] "[.WebGL-0x104000c9c00]GL Driver Message (OpenGL, Performance, GL_CLOSE_PATH_NV, High): GPU stall due to ReadPixels (this message will no longer repeat)", source: file:///Users/rishabghosh/Projects/AirTight-ui/ui-review/after/app_snapshot.html#map (
logs_1280_dark.png {"innerWidth":1280,"scrollWidth":1280,"mainScrollHeight":812,"three":false,"mapCanvas":null,"viewerText":null,"overflowing":[],"errs":[]}
  console: [45157:10642433:0920/092934.408110:INFO:CONSOLE:0] "The resource https://cdnjs.cloudflare.com/ajax/libs/three.js/r128/three.min.js was preloaded using link preload but not used within a few seconds from the window's load event. Please make sure it has an appropriate `as` value and it is preloaded in
home_1280_dark.png {"innerWidth":1280,"scrollWidth":1280,"mainScrollHeight":1306,"three":false,"mapCanvas":null,"viewerText":null,"overflowing":[],"errs":[]}
  console: [45160:10642435:0920/092934.573038:INFO:CONSOLE:0] "The resource https://cdnjs.cloudflare.com/ajax/libs/three.js/r128/three.min.js was preloaded using link preload but not used within a few seconds from the window's load event. Please make sure it has an appropriate `as` value and it is preloaded in
swarm_1280_dark.png {"innerWidth":1280,"scrollWidth":1280,"mainScrollHeight":1374,"three":false,"mapCanvas":null,"viewerText":null,"overflowing":[],"errs":[]}
  console: [45161:10642437:0920/092934.668888:INFO:CONSOLE:0] "The resource https://cdnjs.cloudflare.com/ajax/libs/three.js/r128/three.min.js was preloaded using link preload but not used within a few seconds from the window's load event. Please make sure it has an appropriate `as` value and it is preloaded in
perception_1280_dark.png {"innerWidth":1280,"scrollWidth":1280,"mainScrollHeight":1487,"three":false,"mapCanvas":null,"viewerText":null,"overflowing":[],"errs":[]}
  console: [45158:10642436:0920/092934.912061:INFO:CONSOLE:0] "The resource https://cdnjs.cloudflare.com/ajax/libs/three.js/r128/three.min.js was preloaded using link preload but not used within a few seconds from the window's load event. Please make sure it has an appropriate `as` value and it is preloaded in
map_1280_dark.png {"innerWidth":1280,"scrollWidth":1280,"mainScrollHeight":1414,"three":true,"mapCanvas":[1236,1336],"viewerText":null,"overflowing":[],"errs":[]}
  console: [45159:10642434:0920/092936.419061:INFO:CONSOLE:0] "[.WebGL-0x124000cb400]GL Driver Message (OpenGL, Performance, GL_CLOSE_PATH_NV, High): GPU stall due to ReadPixels", source: file:///Users/rishabghosh/Projects/AirTight-ui/ui-review/after/app_snapshot.html#map (0)
  console: [45159:10642434:0920/092936.419169:INFO:CONSOLE:0] "[.WebGL-0x124000cb400]GL Driver Message (OpenGL, Performance, GL_CLOSE_PATH_NV, High): GPU stall due to ReadPixels (this message will no longer repeat)", source: file:///Users/rishabghosh/Projects/AirTight-ui/ui-review/after/app_snapshot.html#map (
home_1280_light_envsheet.png {"innerWidth":1280,"scrollWidth":1280,"mainScrollHeight":1306,"three":false,"mapCanvas":null,"viewerText":null,"overflowing":[],"errs":[]}
  console: [45383:10645669:0920/092959.417365:INFO:CONSOLE:0] "The resource https://cdnjs.cloudflare.com/ajax/libs/three.js/r128/three.min.js was preloaded using link preload but not used within a few seconds from the window's load event. Please make sure it has an appropriate `as` value and it is preloaded in
map_1280_light_notrails.png {"innerWidth":1280,"scrollWidth":1280,"mainScrollHeight":1414,"three":true,"mapCanvas":[1236,1336],"viewerText":null,"overflowing":[],"errs":[]}
  console: [45386:10645671:0920/093000.229721:INFO:CONSOLE:0] "[.WebGL-0x104000cb400]GL Driver Message (OpenGL, Performance, GL_CLOSE_PATH_NV, High): GPU stall due to ReadPixels", source: file:///Users/rishabghosh/Projects/AirTight-ui/ui-review/after/app_snapshot.html#map (0)
  console: [45386:10645671:0920/093000.229767:INFO:CONSOLE:0] "[.WebGL-0x104000cb400]GL Driver Message (OpenGL, Performance, GL_CLOSE_PATH_NV, High): GPU stall due to ReadPixels (this message will no longer repeat)", source: file:///Users/rishabghosh/Projects/AirTight-ui/ui-review/after/app_snapshot.html#map (
map_1280_light_round3.png {"innerWidth":1280,"scrollWidth":1280,"mainScrollHeight":1414,"three":true,"mapCanvas":[1236,1336],"viewerText":null,"overflowing":[],"errs":[]}
  console: [45385:10645670:0920/093001.419146:INFO:CONSOLE:0] "[.WebGL-0x1040016ae00]GL Driver Message (OpenGL, Performance, GL_CLOSE_PATH_NV, High): GPU stall due to ReadPixels", source: file:///Users/rishabghosh/Projects/AirTight-ui/ui-review/after/app_snapshot.html#map (0)
  console: [45385:10645670:0920/093001.419190:INFO:CONSOLE:0] "[.WebGL-0x1040016ae00]GL Driver Message (OpenGL, Performance, GL_CLOSE_PATH_NV, High): GPU stall due to ReadPixels (this message will no longer repeat)", source: file:///Users/rishabghosh/Projects/AirTight-ui/ui-review/after/app_snapshot.html#map (
map_1280_light_round0.png {"innerWidth":1280,"scrollWidth":1280,"mainScrollHeight":1414,"three":true,"mapCanvas":[1236,1336],"viewerText":null,"overflowing":[],"errs":[]}
  console: [45384:10645667:0920/093001.748858:INFO:CONSOLE:0] "[.WebGL-0x124000cc000]GL Driver Message (OpenGL, Performance, GL_CLOSE_PATH_NV, High): GPU stall due to ReadPixels", source: file:///Users/rishabghosh/Projects/AirTight-ui/ui-review/after/app_snapshot.html#map (0)
  console: [45384:10645667:0920/093001.748937:INFO:CONSOLE:0] "[.WebGL-0x124000cc000]GL Driver Message (OpenGL, Performance, GL_CLOSE_PATH_NV, High): GPU stall due to ReadPixels (this message will no longer repeat)", source: file:///Users/rishabghosh/Projects/AirTight-ui/ui-review/after/app_snapshot.html#map (
map_1280_light_hole0zoom.png {"innerWidth":1280,"scrollWidth":1280,"mainScrollHeight":1414,"three":true,"mapCanvas":[1236,1336],"viewerText":null,"overflowing":[],"errs":[]}
  console: [45387:10645668:0920/093001.691056:INFO:CONSOLE:0] "[.WebGL-0x134000ca800]GL Driver Message (OpenGL, Performance, GL_CLOSE_PATH_NV, High): GPU stall due to ReadPixels", source: file:///Users/rishabghosh/Projects/AirTight-ui/ui-review/after/app_snapshot.html#map (0)
  console: [45387:10645668:0920/093001.691111:INFO:CONSOLE:0] "[.WebGL-0x134000ca800]GL Driver Message (OpenGL, Performance, GL_CLOSE_PATH_NV, High): GPU stall due to ReadPixels (this message will no longer repeat)", source: file:///Users/rishabghosh/Projects/AirTight-ui/ui-review/after/app_snapshot.html#map (
swarm_1280_light_full.png {"innerWidth":1280,"scrollWidth":1280,"mainScrollHeight":2547,"three":false,"mapCanvas":null,"viewerText":null,"overflowing":[],"errs":[]}
  console: [45634:10649396:0920/093025.860047:INFO:CONSOLE:0] "The resource https://cdnjs.cloudflare.com/ajax/libs/three.js/r128/three.min.js was preloaded using link preload but not used within a few seconds from the window's load event. Please make sure it has an appropriate `as` value and it is preloaded in
logs_1280_light_open.png {"innerWidth":1280,"scrollWidth":1280,"mainScrollHeight":969,"three":false,"mapCanvas":null,"viewerText":null,"overflowing":[],"errs":[]}
  console: [45636:10649394:0920/093025.383881:INFO:CONSOLE:0] "The resource https://cdnjs.cloudflare.com/ajax/libs/three.js/r128/three.min.js was preloaded using link preload but not used within a few seconds from the window's load event. Please make sure it has an appropriate `as` value and it is preloaded in
swarm_1280_light_approved.png {"innerWidth":1280,"scrollWidth":1280,"mainScrollHeight":1397,"three":false,"mapCanvas":null,"viewerText":null,"overflowing":[],"errs":[]}
  console: [45638:10649398:0920/093025.471760:INFO:CONSOLE:0] "The resource https://cdnjs.cloudflare.com/ajax/libs/three.js/r128/three.min.js was preloaded using link preload but not used within a few seconds from the window's load event. Please make sure it has an appropriate `as` value and it is preloaded in
home_1280_light_full.png {"innerWidth":1280,"scrollWidth":1280,"mainScrollHeight":2547,"three":false,"mapCanvas":null,"viewerText":null,"overflowing":[],"errs":[]}
  console: [45635:10649395:0920/093025.540081:INFO:CONSOLE:0] "The resource https://cdnjs.cloudflare.com/ajax/libs/three.js/r128/three.min.js was preloaded using link preload but not used within a few seconds from the window's load event. Please make sure it has an appropriate `as` value and it is preloaded in
perception_1280_light_full.png {"innerWidth":1280,"scrollWidth":1280,"mainScrollHeight":1947,"three":false,"mapCanvas":null,"viewerText":null,"overflowing":[],"errs":[]}
  console: [45637:10649397:0920/093026.576860:INFO:CONSOLE:0] "The resource https://cdnjs.cloudflare.com/ajax/libs/three.js/r128/three.min.js was preloaded using link preload but not used within a few seconds from the window's load event. Please make sure it has an appropriate `as` value and it is preloaded in
logs_390_light.png {"innerWidth":390,"scrollWidth":390,"mainScrollHeight":1199,"three":false,"mapCanvas":null,"viewerText":null,"overflowing":["contact","t","s","acts","BUTTON","BUTTON","contact","av"],"errs":[]}
  console: [45847:10652546:0920/093048.879221:INFO:CONSOLE:0] "The resource https://cdnjs.cloudflare.com/ajax/libs/three.js/r128/three.min.js was preloaded using link preload but not used within a few seconds from the window's load event. Please make sure it has an appropriate `as` value and it is preloaded in
swarm_390_light.png {"innerWidth":390,"scrollWidth":390,"mainScrollHeight":2158,"three":false,"mapCanvas":null,"viewerText":null,"overflowing":["BUTTON","BUTTON","BUTTON","BUTTON"],"errs":[]}
  console: [45844:10652544:0920/093048.778802:INFO:CONSOLE:0] "The resource https://cdnjs.cloudflare.com/ajax/libs/three.js/r128/three.min.js was preloaded using link preload but not used within a few seconds from the window's load event. Please make sure it has an appropriate `as` value and it is preloaded in
home_390_light.png {"innerWidth":390,"scrollWidth":390,"mainScrollHeight":1856,"three":false,"mapCanvas":null,"viewerText":null,"overflowing":["agentchip","t","s","b","SPAN","agentchip","t","s"],"errs":[]}
  console: [45843:10652540:0920/093048.752179:INFO:CONSOLE:0] "The resource https://cdnjs.cloudflare.com/ajax/libs/three.js/r128/three.min.js was preloaded using link preload but not used within a few seconds from the window's load event. Please make sure it has an appropriate `as` value and it is preloaded in
perception_390_light.png {"innerWidth":390,"scrollWidth":390,"mainScrollHeight":2472,"three":false,"mapCanvas":null,"viewerText":null,"overflowing":[],"errs":[]}
  console: [45845:10652545:0920/093049.979946:INFO:CONSOLE:0] "The resource https://cdnjs.cloudflare.com/ajax/libs/three.js/r128/three.min.js was preloaded using link preload but not used within a few seconds from the window's load event. Please make sure it has an appropriate `as` value and it is preloaded in
map_390_light.png {"innerWidth":390,"scrollWidth":390,"mainScrollHeight":1794,"three":true,"mapCanvas":[708,636],"viewerText":null,"overflowing":[],"errs":[]}
  console: [45846:10652547:0920/093050.295522:INFO:CONSOLE:0] "[.WebGL-0x104000c9600]GL Driver Message (OpenGL, Performance, GL_CLOSE_PATH_NV, High): GPU stall due to ReadPixels", source: file:///Users/rishabghosh/Projects/AirTight-ui/ui-review/after/app_snapshot.html#map (0)
  console: [45846:10652547:0920/093050.295603:INFO:CONSOLE:0] "[.WebGL-0x104000c9600]GL Driver Message (OpenGL, Performance, GL_CLOSE_PATH_NV, High): GPU stall due to ReadPixels (this message will no longer repeat)", source: file:///Users/rishabghosh/Projects/AirTight-ui/ui-review/after/app_snapshot.html#map (
home_390_dark.png {"innerWidth":390,"scrollWidth":390,"mainScrollHeight":1856,"three":false,"mapCanvas":null,"viewerText":null,"overflowing":["agentchip","t","s","b","SPAN","agentchip","t","s"],"errs":[]}
  console: [46031:10655546:0920/093110.543360:INFO:CONSOLE:0] "The resource https://cdnjs.cloudflare.com/ajax/libs/three.js/r128/three.min.js was preloaded using link preload but not used within a few seconds from the window's load event. Please make sure it has an appropriate `as` value and it is preloaded in
logs_390_dark.png {"innerWidth":390,"scrollWidth":390,"mainScrollHeight":1199,"three":false,"mapCanvas":null,"viewerText":null,"overflowing":["contact","t","s","acts","BUTTON","BUTTON","contact","av"],"errs":[]}
  console: [46033:10655548:0920/093111.329399:INFO:CONSOLE:0] "The resource https://cdnjs.cloudflare.com/ajax/libs/three.js/r128/three.min.js was preloaded using link preload but not used within a few seconds from the window's load event. Please make sure it has an appropriate `as` value and it is preloaded in
swarm_390_dark.png {"innerWidth":390,"scrollWidth":390,"mainScrollHeight":2158,"three":false,"mapCanvas":null,"viewerText":null,"overflowing":["BUTTON","BUTTON","BUTTON","BUTTON"],"errs":[]}
  console: [46030:10655545:0920/093111.148488:INFO:CONSOLE:0] "The resource https://cdnjs.cloudflare.com/ajax/libs/three.js/r128/three.min.js was preloaded using link preload but not used within a few seconds from the window's load event. Please make sure it has an appropriate `as` value and it is preloaded in
map_390_dark.png {"innerWidth":390,"scrollWidth":390,"mainScrollHeight":1794,"three":true,"mapCanvas":[708,636],"viewerText":null,"overflowing":[],"errs":[]}
  console: [46029:10655540:0920/093112.148459:INFO:CONSOLE:0] "[.WebGL-0x11408afae00]GL Driver Message (OpenGL, Performance, GL_CLOSE_PATH_NV, High): GPU stall due to ReadPixels", source: file:///Users/rishabghosh/Projects/AirTight-ui/ui-review/after/app_snapshot.html#map (0)
  console: [46029:10655540:0920/093112.148540:INFO:CONSOLE:0] "[.WebGL-0x11408afae00]GL Driver Message (OpenGL, Performance, GL_CLOSE_PATH_NV, High): GPU stall due to ReadPixels (this message will no longer repeat)", source: file:///Users/rishabghosh/Projects/AirTight-ui/ui-review/after/app_snapshot.html#map (
perception_390_dark.png {"innerWidth":390,"scrollWidth":390,"mainScrollHeight":2472,"three":false,"mapCanvas":null,"viewerText":null,"overflowing":[],"errs":[]}
  console: [46032:10655547:0920/093111.087100:INFO:CONSOLE:0] "The resource https://cdnjs.cloudflare.com/ajax/libs/three.js/r128/three.min.js was preloaded using link preload but not used within a few seconds from the window's load event. Please make sure it has an appropriate `as` value and it is preloaded in
home_390_light_envsheet.png {"innerWidth":390,"scrollWidth":390,"mainScrollHeight":1856,"three":false,"mapCanvas":null,"viewerText":null,"overflowing":["agentchip","t","s","b","SPAN","agentchip","t","s"],"errs":[]}
  console: [46218:10658659:0920/093133.393373:INFO:CONSOLE:0] "The resource https://cdnjs.cloudflare.com/ajax/libs/three.js/r128/three.min.js was preloaded using link preload but not used within a few seconds from the window's load event. Please make sure it has an appropriate `as` value and it is preloaded in
map_390_light_notrails.png {"innerWidth":390,"scrollWidth":390,"mainScrollHeight":1794,"three":true,"mapCanvas":[708,636],"viewerText":null,"overflowing":[],"errs":[]}
  console: [46217:10658660:0920/093134.156899:INFO:CONSOLE:0] "[.WebGL-0x11c0011a200]GL Driver Message (OpenGL, Performance, GL_CLOSE_PATH_NV, High): GPU stall due to ReadPixels", source: file:///Users/rishabghosh/Projects/AirTight-ui/ui-review/after/app_snapshot.html#map (0)
  console: [46217:10658660:0920/093134.157008:INFO:CONSOLE:0] "[.WebGL-0x11c0011a200]GL Driver Message (OpenGL, Performance, GL_CLOSE_PATH_NV, High): GPU stall due to ReadPixels (this message will no longer repeat)", source: file:///Users/rishabghosh/Projects/AirTight-ui/ui-review/after/app_snapshot.html#map (
map_390_light_round0.png {"innerWidth":390,"scrollWidth":390,"mainScrollHeight":1794,"three":true,"mapCanvas":[708,636],"viewerText":null,"overflowing":[],"errs":[]}
  console: [46216:10658655:0920/093134.600370:INFO:CONSOLE:0] "[.WebGL-0x134000cae00]GL Driver Message (OpenGL, Performance, GL_CLOSE_PATH_NV, High): GPU stall due to ReadPixels", source: file:///Users/rishabghosh/Projects/AirTight-ui/ui-review/after/app_snapshot.html#map (0)
  console: [46216:10658655:0920/093134.600412:INFO:CONSOLE:0] "[.WebGL-0x134000cae00]GL Driver Message (OpenGL, Performance, GL_CLOSE_PATH_NV, High): GPU stall due to ReadPixels (this message will no longer repeat)", source: file:///Users/rishabghosh/Projects/AirTight-ui/ui-review/after/app_snapshot.html#map (
map_390_light_round3.png {"innerWidth":390,"scrollWidth":390,"mainScrollHeight":1794,"three":true,"mapCanvas":[708,636],"viewerText":null,"overflowing":[],"errs":[]}
  console: [46219:10658662:0920/093134.590541:INFO:CONSOLE:0] "[.WebGL-0x11c000ea800]GL Driver Message (OpenGL, Performance, GL_CLOSE_PATH_NV, High): GPU stall due to ReadPixels", source: file:///Users/rishabghosh/Projects/AirTight-ui/ui-review/after/app_snapshot.html#map (0)
  console: [46219:10658662:0920/093134.590564:INFO:CONSOLE:0] "[.WebGL-0x11c000ea800]GL Driver Message (OpenGL, Performance, GL_CLOSE_PATH_NV, High): GPU stall due to ReadPixels (this message will no longer repeat)", source: file:///Users/rishabghosh/Projects/AirTight-ui/ui-review/after/app_snapshot.html#map (
map_390_light_hole0zoom.png {"innerWidth":390,"scrollWidth":390,"mainScrollHeight":1794,"three":true,"mapCanvas":[708,636],"viewerText":null,"overflowing":[],"errs":[]}
  console: [46220:10658661:0920/093134.044610:INFO:CONSOLE:0] "[.WebGL-0x12c000cae00]GL Driver Message (OpenGL, Performance, GL_CLOSE_PATH_NV, High): GPU stall due to ReadPixels", source: file:///Users/rishabghosh/Projects/AirTight-ui/ui-review/after/app_snapshot.html#map (0)
  console: [46220:10658661:0920/093134.044703:INFO:CONSOLE:0] "[.WebGL-0x12c000cae00]GL Driver Message (OpenGL, Performance, GL_CLOSE_PATH_NV, High): GPU stall due to ReadPixels (this message will no longer repeat)", source: file:///Users/rishabghosh/Projects/AirTight-ui/ui-review/after/app_snapshot.html#map (
swarm_390_light_approved.png {"innerWidth":390,"scrollWidth":390,"mainScrollHeight":2212,"three":false,"mapCanvas":null,"viewerText":null,"overflowing":["BUTTON","BUTTON","BUTTON","BUTTON"],"errs":[]}
  console: [46438:10661813:0920/093155.657535:INFO:CONSOLE:0] "The resource https://cdnjs.cloudflare.com/ajax/libs/three.js/r128/three.min.js was preloaded using link preload but not used within a few seconds from the window's load event. Please make sure it has an appropriate `as` value and it is preloaded in
logs_390_light_open.png {"innerWidth":390,"scrollWidth":390,"mainScrollHeight":1411,"three":false,"mapCanvas":null,"viewerText":null,"overflowing":["contact","t","s","acts","BUTTON","BUTTON","contact","av"],"errs":[]}
  console: [46440:10661817:0920/093155.844092:INFO:CONSOLE:0] "The resource https://cdnjs.cloudflare.com/ajax/libs/three.js/r128/three.min.js was preloaded using link preload but not used within a few seconds from the window's load event. Please make sure it has an appropriate `as` value and it is preloaded in
swarm_390_light_full.png {"innerWidth":390,"scrollWidth":390,"mainScrollHeight":2469,"three":false,"mapCanvas":null,"viewerText":null,"overflowing":["BUTTON","BUTTON","BUTTON","BUTTON"],"errs":[]}
  console: [46437:10661812:0920/093156.092760:INFO:CONSOLE:0] "The resource https://cdnjs.cloudflare.com/ajax/libs/three.js/r128/three.min.js was preloaded using link preload but not used within a few seconds from the window's load event. Please make sure it has an appropriate `as` value and it is preloaded in
home_390_light_full.png {"innerWidth":390,"scrollWidth":390,"mainScrollHeight":2469,"three":false,"mapCanvas":null,"viewerText":null,"overflowing":["agentchip","t","s","b","SPAN","agentchip","t","s"],"errs":[]}
  console: [46436:10661814:0920/093156.327097:INFO:CONSOLE:0] "The resource https://cdnjs.cloudflare.com/ajax/libs/three.js/r128/three.min.js was preloaded using link preload but not used within a few seconds from the window's load event. Please make sure it has an appropriate `as` value and it is preloaded in
perception_390_light_full.png {"innerWidth":390,"scrollWidth":390,"mainScrollHeight":2472,"three":false,"mapCanvas":null,"viewerText":null,"overflowing":[],"errs":[]}
  console: [46439:10661816:0920/093156.582619:INFO:CONSOLE:0] "The resource https://cdnjs.cloudflare.com/ajax/libs/three.js/r128/three.min.js was preloaded using link preload but not used within a few seconds from the window's load event. Please make sure it has an appropriate `as` value and it is preloaded in
app_snapshot.html
home_1280_dark.png
home_1280_light.png
home_1280_light_envsheet.png
home_1280_light_full.png
home_390_dark.png
home_390_light.png
home_390_light_envsheet.png
home_390_light_full.png
logs_1280_dark.png
logs_1280_light.png
logs_1280_light_open.png
logs_390_dark.png
logs_390_light.png
logs_390_light_open.png
map_1280_dark.png
map_1280_light.png
map_1280_light_hole0zoom.png
map_1280_light_notrails.png
map_1280_light_round0.png
map_1280_light_round3.png
map_390_dark.png
map_390_light.png
map_390_light_hole0zoom.png
map_390_light_notrails.png
map_390_light_round0.png
map_390_light_round3.png
perception_1280_dark.png
perception_1280_light.png
perception_1280_light_full.png
perception_390_dark.png
perception_390_light.png
perception_390_light_full.png
swarm_1280_dark.png
swarm_1280_light.png
swarm_1280_light_approved.png
swarm_1280_light_full.png
swarm_390_dark.png
swarm_390_light.png
swarm_390_light_approved.png
swarm_390_light_full.png
